0000010000001001010101111010000001011001000111011
