SAT6SATQ
SAT6
SAT6 SATSSATZSAT9SAT6SATQSATB
SATS SATXSAT7SATS
SATX SATX SAT0SATXSAT7SATS
