STWHNST8KK
STWHN
STVAO ST905STUKDST3JMST14OST4IH
STO2K STDKMSTP6G
ST3JM STMBESTWRASTVAOSTDKMSTP6GSTO2K
ST905 STWRA STMBESTWRASTVAOSTDKMSTP6GSTO2K
STMBE ST905 STMBESTWRASTVAO
STMBE ST8KK STMBESTWRASTVAO
STPC1 STVAO STWHN
STMBE STWRA STO2K ST905STUKDST3JMST14OST4IHST3IUSTPC1STWHNST8KK
