SAT3 SAT1SAT2SAT5SAT6SAT7
SAT4 SAT3SAT4SAT8
SAT8 SAT3SAT4
SAT5 SAT1SAT2SAT5SAT6SAT7
