SM8B4SSXV8
SHPNJ SFU5VSIVLMSTGRZS6TC1S0XI4SXU18
SJIA4
SGSAT SFU5VSIVLMSTGRZS6TC1S0XI4SXU18
S6TC1 S0XI4SXU18
S0XI4 S6TC1
SIVLM SM8B4SSXV8SVWJLSHPNJSGSATSJIA4
SVWJL SGSAT
