SATLFGV SATLEXS SATLO9O SATL6OW SATL60L
SATL60L SATLYOA SATLOMO SATLYOA SATL8CO SATL0U8
SATLOXL SATL6OW SATLN3M SATLN3M SATLEXS SATLRPO SATL0U8 SATL0U8SATLFGVSATLOXLSATLN3MSATLRLWSATL8COSATLOMOSATLSZ8SATLYSRSATL46DSATL1KLSATL133SATLRPOSATLZRF
SATL8CO SATLYOA SATLTZE SATL60L SATL60L SATL60L SATL60L SATL8CO
SATLTZE SATLEXS SATL60L SATLN3M SATLOMO SATLOXL SATLOXL SATLZRF SATLRPO SATL0U8SATLFGVSATLOXLSATLN3MSATLRLWSATL8COSATLOMOSATLSZ8SATLYSRSATL46DSATL1KLSATL133SATLRPOSATLZRF
SATLRLW SATLRPO SATLOXL SATL60L SATL447 SATLTZE SATLOXL SATL60L SATLZRF SATLTZESATL447
SATL8CO SATLEXS SATLTZE SATLTZE SATLOMO SATLSZ8 SATL6OW SATLRLW SATLYOA SATLO9O SATLN3M
SATL447 SATL133 SATLYOA SATLEXS SATL8CO SATLN3M SATLO9O SATLYSR SATLOXL SATLW8S SATLRLW SATLO9OSATLUKASATLW8SSATL60LSATLYOA
SATLO9O SATL0U8 SATLN3M SATL0U8 SATLEXS SATL0U8 SATLFGV SATLTZE SATLOMO SATLEXS SATLFGV SATLEXS SATLFGV SATL60L SATLSZ8SATLYSRSATL46DSATL1KLSATL133SATLRPOSATLZRF
SATL7N8 SATL6OW SATLEXS SATLOMO SATLN3M SATL0U8 SATLTZE SATL6OW SATLOMO SATLOMO SATLO9O SATLYSR SATL60L SATL133 SATLO9OSATLUKASATLW8SSATL60LSATLYOA
